// Jest Snapshot v1, https://goo.gl/fbAQLP

exports[`renders correctly 1`] = `
<View
  onLayout={[Function]}
  style={
    Object {
      "flex": 1,
    }
  }
>
  <View
    onMoveShouldSetResponder={[Function]}
    onMoveShouldSetResponderCapture={[Function]}
    onResponderEnd={[Function]}
    onResponderGrant={[Function]}
    onResponderMove={[Function]}
    onResponderReject={[Function]}
    onResponderRelease={[Function]}
    onResponderStart={[Function]}
    onResponderTerminate={[Function]}
    onResponderTerminationRequest={[Function]}
    onStartShouldSetResponder={[Function]}
    onStartShouldSetResponderCapture={[Function]}
    style={
      Array [
        Object {
          "flex": 1,
          "flexDirection": "column-reverse",
          "overflow": "hidden",
        },
        Object {
          "backgroundColor": "#000",
        },
      ]
    }
  >
    <View
      style={
        Object {
          "flex": 1,
        }
      }
    >
      <View
        accessibilityElementsHidden={false}
        pointerEvents="auto"
        style={
          Object {
            "backgroundColor": "#E9E9EF",
            "bottom": 0,
            "left": 0,
            "opacity": 1,
            "paddingTop": 0,
            "position": "absolute",
            "right": 0,
            "shadowColor": "black",
            "shadowOffset": Object {
              "height": 0,
              "width": 0,
            },
            "shadowOpacity": 0.2,
            "shadowRadius": 5,
            "top": 0,
            "transform": Array [
              Object {
                "translateX": 0,
              },
              Object {
                "translateY": 0,
              },
            ],
          }
        }
      >
        <View
          onLayout={[Function]}
          style={
            Object {
              "flex": 1,
            }
          }
        >
          <View
            onMoveShouldSetResponder={[Function]}
            onMoveShouldSetResponderCapture={[Function]}
            onResponderEnd={[Function]}
            onResponderGrant={[Function]}
            onResponderMove={[Function]}
            onResponderReject={[Function]}
            onResponderRelease={[Function]}
            onResponderStart={[Function]}
            onResponderTerminate={[Function]}
            onResponderTerminationRequest={[Function]}
            onStartShouldSetResponder={[Function]}
            onStartShouldSetResponderCapture={[Function]}
            style={
              Array [
                Object {
                  "flex": 1,
                  "flexDirection": "column-reverse",
                  "overflow": "hidden",
                },
                Object {
                  "backgroundColor": "#000",
                },
              ]
            }
          >
            <View
              style={
                Object {
                  "flex": 1,
                }
              }
            >
              <View
                accessibilityElementsHidden={false}
                pointerEvents="auto"
                style={
                  Object {
                    "backgroundColor": "#E9E9EF",
                    "bottom": 0,
                    "left": 0,
                    "opacity": 1,
                    "paddingTop": 0,
                    "position": "absolute",
                    "right": 0,
                    "shadowColor": "black",
                    "shadowOffset": Object {
                      "height": 0,
                      "width": 0,
                    },
                    "shadowOpacity": 0.2,
                    "shadowRadius": 5,
                    "top": 0,
                    "transform": Array [
                      Object {
                        "translateX": 0,
                      },
                      Object {
                        "translateY": 0,
                      },
                    ],
                  }
                }
              >
                <View>
                  <View>
                    <View
                      style={
                        Object {
                          "backgroundColor": "#fff",
                          "borderBottomWidth": 0.5,
                          "borderColor": "#ccc",
                          "borderLeftWidth": 0.5,
                          "borderRadius": 2,
                          "borderRightWidth": 0.5,
                          "borderTopWidth": 0.5,
                          "elevation": 3,
                          "flexWrap": "nowrap",
                          "marginBottom": 5,
                          "marginLeft": 2,
                          "marginRight": 2,
                          "marginTop": 5,
                          "shadowColor": "#000",
                          "shadowOffset": Object {
                            "height": 2,
                            "width": 0,
                          },
                          "shadowOpacity": 0.1,
                          "shadowRadius": 1.5,
                        }
                      }
                    >
                      <View
                        style={
                          Object {
                            "flex": 1,
                            "flexDirection": "column",
                          }
                        }
                      >
                        <View
                          size={3}
                          style={
                            Object {
                              "flex": 3,
                              "flexDirection": "row",
                            }
                          }
                        >
                          <Text>
                            Teste
                          </Text>
                        </View>
                        <View
                          size={1}
                          style={
                            Object {
                              "flex": 1,
                              "flexDirection": "row",
                            }
                          }
                        >
                          <Text>
                            Descricao de teste
                          </Text>
                        </View>
                      </View>
                    </View>
                  </View>
                </View>
              </View>
            </View>
            <View
              onLayout={[Function]}
              pointerEvents="box-none"
              style={
                Object {
                  "left": 0,
                  "position": "absolute",
                  "right": 0,
                  "top": 0,
                }
              }
            >
              <View
                style={
                  Object {
                    "backgroundColor": "#FFF",
                    "transform": Array [
                      Object {
                        "translateX": -750,
                      },
                    ],
                  }
                }
              >
                <View
                  onLayout={[Function]}
                  pointerEvents="box-none"
                  style={
                    Object {
                      "backgroundColor": "#FFF",
                      "borderBottomColor": "#A7A7AA",
                      "borderBottomWidth": 0.5,
                      "height": 64,
                      "paddingBottom": 0,
                      "paddingLeft": 0,
                      "paddingRight": 0,
                      "paddingTop": 20,
                    }
                  }
                >
                  <View
                    style={
                      Object {
                        "flex": 1,
                      }
                    }
                  />
                </View>
              </View>
            </View>
          </View>
        </View>
      </View>
    </View>
    <View
      onLayout={[Function]}
      pointerEvents="box-none"
      style={
        Object {
          "left": 0,
          "position": "absolute",
          "right": 0,
          "top": 0,
        }
      }
    >
      <View
        style={
          Object {
            "backgroundColor": "#FFF",
            "transform": Array [
              Object {
                "translateX": -750,
              },
            ],
          }
        }
      >
        <View
          onLayout={[Function]}
          pointerEvents="box-none"
          style={
            Object {
              "backgroundColor": "#FFF",
              "borderBottomColor": "#A7A7AA",
              "borderBottomWidth": 0.5,
              "height": 64,
              "paddingBottom": 0,
              "paddingLeft": 0,
              "paddingRight": 0,
              "paddingTop": 20,
            }
          }
        >
          <View
            style={
              Object {
                "flex": 1,
              }
            }
          />
        </View>
      </View>
    </View>
  </View>
</View>
`;
